
> ticket-booking-system@0.0.1 pretest
> npm run rebuild


> ticket-booking-system@0.0.1 rebuild
> npm run clean && npm run build


> ticket-booking-system@0.0.1 clean
> lb-clean dist *.tsbuildinfo .eslintcache


> ticket-booking-system@0.0.1 build
> lb-tsc


> ticket-booking-system@0.0.1 test
> lb-mocha --allow-console-logs "dist/__tests__"



  BookingController
    Γ£ö should sign up a new user (664ms)
    Γ£ö should log in the user and return a token (249ms)
    Γ£ö should create a product (110ms)
    Γ£ö should create a ticket (455ms)
    Γ£ö should return 200 without creating new record in booking table and contain fields like userId beside ticket id as processed before with same idempotency key when the same idempotencyKey is used again (77ms)
    Γ£ö should create 2 concurrent bookings (489ms)
    Γ£ö should book the ticket (204ms)
    Γ£ö should get all tickets (139ms)
    Γ£ö should get ticket details (106ms)
    Γ£ö should cancel a ticket (187ms)

  HomePage
    Γ£ö exposes a default home page
    Γ£ö exposes self-hosted explorer

  PingController
    Γ£ö invokes GET /ping


  13 passing (3s)


> ticket-booking-system@0.0.1 posttest
> npm run lint


> ticket-booking-system@0.0.1 lint
> npm run eslint && npm run prettier:check


> ticket-booking-system@0.0.1 eslint
> lb-eslint --report-unused-disable-directives .


C:\Users\pankaj.paswan\Desktop\Rohit\TICKET-BOOKING-SYSTEM\ticket-booking-system\src\index.ts
  22:30  error  Prefer using nullish coalescing operator (`??`) instead of a logical or (`||`), as it is a safer operator  @typescript-eslint/prefer-nullish-coalescing

Γ£û 1 problem (1 error, 0 warnings)

